
PS D:\hack-tgbtc\tgBTC-Hack> npx blueprint run deployDedustPool --testnet
Using file: deployDedustPool
? Which wallet are you using? TON Connect compatible mobile wallet (example:
WLcA
Sending transaction. Approve in your wallet...[TON_CONNECT_SDK] Send http-bridge request: {
  method: 'sendTransaction',
  params: [
    '{"messages":[{"address":"EQBZMw7MrjuE-RIVXA3WX4Su6eW12m5LCLsMCeynKANVadB3","amount":"50000000","payload":"te6cckEBAQEAAgAAAEysuc0=","stateInit":"te6cckECFAEAAX4AAgE0ARMBFP8A9KQT9LzyyAsCAgFiAw4CAssEBQA90IMcAkl8D4NMfIcAKlVRiBfAZkTPiwAuTAfAakVvigIBIAYJAgH0BwgAPQgwQGSMHDgIKSrACGSXLmbMFRwEKkEWKCrAAHobCGAADRfBcjJ7VSACAUgKDQIBIAsMADEIMAAlV8DqPAW4FFEqFipBFAjqAGpBLYIgAFEMDHTHzH6QDHTP9M/MIIB7i3tQ9hUdlRTZfAYUFegUDWgBaAQNALwF4ACDQx0x8x+kDTPzCCAe4t7UPYIsAAkl8H4FNFqCOpBFNGqCSpBFFhoVBWoVA2oRA1AvAXgBDIywVYzxYB+gLJgED7AIAgEgDxAAGb+IzBAPcW9qHsCi+CQCASAREgAVuucYIB7i3tQ9gwgAIbri3tRNDTP9M/0z/TH/pAMIAHsAAAAAAAAAAAAAAAAAAAAAAAAAAAAAAAAAAAHCgBmZ0kMV5MRjsJJ6mjEIll/7R1V/DKT4nYGfjgjqovtLEHz5lIk="}],"valid_until":1752175768128,"from":"0:ccce9218af26231d8493d4d18844b2ffda3aabf86527c4ec0cfc70475517da58","network":"-3"}'
  ],
  id: '0'
qAGpBLYIgAFEMDHTHzH6QDHTP9M/MIIB7i3tQ9hUdlRTZfAYUFegUDWgBaAQNALwF4ACDQx0x8x+kDTPzCCAe4t7UPYIsAAkl8H4FNFqCOpBFNGqCSpBFFhoVBWoVA2oRA1AvAXgBDIywVYzxYB+gLJgED7AIAgEgDxAAGb+IzBAPcW9qHsCi+CQCASAREgAVuucYIB7i3tQ9gwgAIbri3tRNDTP9M/0z/TH/pAMIAHsAAAAAAAAAAAAAAAAAAAAAAAAAAAAAAAAAAAHCgBmZ0kMV5MRjsJJ6mjEIll/7R1V/DKT4nYGfjgjqovtLEHz5lIk="}],"valid_until":1752175768128,"from":"0:ccce9218af26231d8493d4d18844b2ffda3aabf86527c4ec0cfc70475517da58","network":"-3"}'
  ],
  id: '0'
}
[TON_CONNECT_SDK] Wallet message received: {       
  result: 'te6ccgECGQEAAjsAAUWIAZmdJDFeTEY7CSepoxCJZf+0dVfwyk+J2Bn44I6qL7SwDAEBoXNpZ25////9aHAUmAAAAAKo2G3a9K+cXM/a7VzWowT5wkoMKtNT3u73RS+jM9jW93a+uckIy6hZYT+kB/CGGNJZoxoxsAcdWBiGs+WqRHCAoAICCg7DyG0DAwQAAAFpYgAsmYdmVx3CfIkKrgbrL8JXdPLa7TclhF2GBPZTlAGqtKAX14QAAAAAAAAAAAAAAAAAA0AFAgE0BgcBFP8A9KQT9LzyyAsIAHsAAAAAAAAAAAAAAAAAAAAAAAAAAAAAAAAAAAHCgBmZ0kMV5MRjsJJ6mjEIll/7R1V/DKT4nYGfjgjqovtLEAIBYgkKAgLLCwwCASAVFgA90IMcAkl8D4NMfIcAKlVRiBfAZkTPiwAuTAfAakVvigIBIA0OAgH0DxACAUgREgA9CDBAZIwcOAgpKsAIZJcuZswVHAQqQRYoKsAAehsIYAANF8FyMntVIAIBIBMUAINDHTHzH6QNM/MIIB7i3tQ9giwACSXwfgU0WoI6kEU0aoJKkEUWGhUFahUDahEDUC8BeAEMjLBVjPFgH6AsmAQPsAgAMQgwACVXwOo8BbgUUSoWKkEUCOoAakEtgiAAUQwMdMfMfpAMdM/0z8wggHuLe1D2FR2VFNl8BhQV6BQNaAFoBA0AvAXgABm/iMwQD3Fvah7AovgkAgEgFxgAFbrnGCAe4t7UPYMIACG64t7UTQ0z/TP9M/0x/6QDCA==',
  id: 0
}
Sent transaction
Contract deployed at address kQBZMw7MrjuE-RIVXA3WX4Su6eW12m5LCLsMCeynKANVaWv9
You can view it at https://testnet.tonscan.org/address/kQBZMw7MrjuE-RIVXA3WX4Su6eW12m5LCLsMCeynKANVaWv9
DeDust deployed at: EQBZMw7MrjuE-RIVXA3WX4Su6eW12m5LCLsMCeynKANVadB3            npx blueprint build   
? Select contract to use 
? Select contract to use StonPool
Build script running, compiling StonPool
ðŸ”§ Using func version 0.4.6...

âœ… Compiled successfully! Cell BOC result:

{
  "hash": "7adca5882f8a4f21244c0fe38625bc99b631c58c40d366bb14729ddbbfe6b548",
  "hashBase64": "etyliC+KTyEkTA/jhiW8mbYxxYxA02a7FHKd27/mtUg=",
  "hex": "b5ee9c7241021201000135000114ff00f4a413f4bcf2c80b01020162020d0202cb03040039d0c4831c02456f834c7c87002a51480fc06644cb8b002e4bc06a44c38a02012005080201f40607000d17c172327b5520003d083040648c1c3808292ac00864972e66cc151c042a4116282ac0007a1b0860020148090c0201200a0b00310830002557c0ea3c05f814512a162a411408ea006a412d8220004f0c34c7cc7e900c74cff4cfcc20807b8b7b50f6151d9514d97c061415e8140d680168040d00bc05a000814d31f31fa40d33f308201ee2ded43d822c000925f07e05345a823a9045346a824a9045161a15056a15036a1103502f0168010c8cb0558cf1601fa02c98040fb0080201200e0f0019bf88cc100f716f6a1ec0a2f82402012010110015bae718201ee2ded43d83080021bae2ded44d0d33fd33fd33fd31ffa40308b59dcfd1"  
}

âœ… Wrote compilation artifact to build\StonPool.compiled.json
PS D:\hack-tgbtc\tgBTC-Hack> npx blueprint run deployStonPool   --testnet --tonconnect
Using file: deployStonPool
Connected to wallet at address: 0QDMzpIYryYjHYST1NGIRLL_2jqr-GUnxOwM_HBHVRfaWLcA
Sending transaction. Approve in your wallet...[TON_CONNECT_SDK] Send http-bridge request: {
  method: 'sendTransaction',
  params: [
    '{"messages":[{"address":"EQDQAps_kD0OMEvI2Vkb1-m2FtI3Qx50zdO2YEbYvlVZKAEy","amount":"50000000","payload":"te6cckEBAQEAAgAAAEysuc0=","stateInit":"te6cckECFAEAAX8AAgE0ARMBFP8A9KQT9LzyyAsCAgFiAw4CAssEBQA50MSDHAJFb4NMfIcAKlFID8BmRMuLAC5LwGpEw4oCASAGCQIB9AcIAA0XwXIye1UgAD0IMEBkjBw4CCkqwAhkly5mzBUcBCpBFigqwAB6GwhgAgFICg0CASALDAAxCDAAJVfA6jwF+BRRKhYqQRQI6gBqQS2CIABPDDTHzH6QDHTP9M/MIIB7i3tQ9hUdlRTZfAYUFegUDWgBaAQNALwFoACBTTHzH6QNM/MIIB7i3tQ9giwACSXwfgU0WoI6kEU0aoJKkEUWGhUFahUDahEDUC8BaAEMjLBVjPFgH6AsmAQPsAgCASAPEAAZv4jMEA9xb2oewKL4JAIBIBESABW65xggHuLe1D2DCAAhuuLe1E0NM/0z/TP9Mf+kAwgAhYAZmdJDFeTEY7CSepoxCJZf+0dVfwyk+J2Bn44I6qL7SxADMzpIYryYjHYST1NGIRLL/2jqr+GUnxOwM/HBHVRfaWLouCMU"}],"valid_until":1752176309999,"from":"0:ccce9218af26231d8493d4d18844b2ffda3aabf86527c4ec0cfc70475517da58","network":"-3"}'
  ],
  id: '1'
}
[TON_CONNECT_SDK] Wallet message received: {
  error: { code: 300, message: 'User declined the transaction' },
  id: 1
}
UserRejectsError: [TON_CONNECT_SDK_ERROR] UserRejectsError: User rejects the action in the wallet.    
User declined the transaction
    at SendTransactionParser.parseAndThrowError (D:\hack-tgbtc\tgBTC-Hack\node_modules\@tonconnect\sdk\src\parsers\send-transaction-parser.ts:38:15)     
    at TonConnect.<anonymous> (D:\hack-tgbtc\tgBTC-Hack\node_modules\@tonconnect\sdk\src\ton-connect.ts:254:42)
    at Generator.next (<anonymous>)
    at fulfilled (D:\hack-tgbtc\tgBTC-Hack\node_modules\node_modules\tslib\tslib.es6.js:71:58)        
PS D:\hack-tgbtc\tgBTC-Hack> npx blueprint run deployStonPool   --testnet --tonconnect
Using file: deployStonPool
Connected to wallet at address: 0QDMzpIYryYjHYST1NGIRLL_2jqr-GUnxOwM_HBHVRfaWLcA
Sending transaction. Approve in your wallet...[TON_CONNECT_SDK] Send http-bridge request: {
  method: 'sendTransaction',
  params: [
EU0aoJKkEUWGhUFahUDahEDUC8BaAEMjLBVjPFgH6AsmAQPsAgCASAPEAAZv4jMEA9xb2oewKL4JAIBIBESABW65xggHuLe1D2DCAAhuuLe1E0NM/0z/TP9Mf+kAwgAhYAZmdJDFeTEY7CSepoxCJZf+0dVfwyk+J2Bn44I6qL7SxADMzpIYryYjHYST1NGIRLL/2jqr+GUnxOwM/HBHVRfaWLouCMU"}],"valid_until":1752176326761,"from":"0:ccce9218af26231d8493d4d18844b2ffda3aabf86527c4ec0cfc70475517da58","network":"-3"}'
  ],
  id: '2'
AAFpYgBoAU2fyB6HGCXkbKyN6/TbC2kboY86ZunbMCNsXyqslCAX14QAAAAAAAAAAAAAAAAAA0AFAgE0BgcBFP8A9KQT9LzyyAsIAIWAGZnSQxXkxGOwknqaMQiWX/tHVX8MpPidgZ+OCOqi+0sQAzM6SGK8mIx2Ek9TRiESy/9o6q/hlJ8TsDPxwR1UX2liAgFiCQoCAssLDAIBIBUWADnQxIMcAkVvg0x8hwAqUUgPwGZEy4sALkvAakTDigIBIA0OAgH0DxACAUgREgANF8FyMntVIAA9CDBAZIwcOAgpKsAIZJcuZswVHAQqQRYoKsAAehsIYAIBIBMUAIFNMfMfpA0z8wggHuLe1D2CLAAJJfB+BTRagjqQRTRqgkqQRRYaFQVqFQNqEQNQLwFoAQyMsFWM8WAfoCyYBA+wCAAxCDAAJVfA6jwF+BRRKhYqQRQI6gBqQS2CIABPDDTHzH6QDHTP9M/MIIB7i3tQ9hUdlRTZfAYUFegUDWgBaAQNALwFoAAZv4jMEA9xb2oewKL4JAIBIBcYABW65xggHuLe1D2DCAAhuuLe1E0NM/0z/TP9Mf+kAwg=',
  id: 2
}
Sent transaction
Contract deployed at address kQDQAps_kD0OMEvI2Vkb1-m2FtI3Qx50zdO2YEbYvlVZKLq4
You can view it at https://testnet.tonscan.org/address/kQDQAps_kD0OMEvI2Vkb1-m2FtI3Qx50zdO2YEbYvlVZKLq4
âœ… StonPool deployed at: EQDQAps_kD0OMEvI2Vkb1-m2FtI3Qx50zdO2YEbYvlVZKAEy
Testnet Explorer: https://testnet.tonscan.org/address/EQDQAps_kD0OMEvI2Vkb1-m2FtI3Qx50zdO2YEbYvlVZKnpx blueprint build
? Select contract to use 
? Select contract to use MegatonPool
Build script running, compiling MegatonPool
ðŸ”§ Using func version 0.4.6...

âœ… Compiled successfully! Cell BOC result:

{
  "hash": "372d304dd779e435c37df374b39ba256421661a5e4f577fa61bfdc89573538a2",
  "hashBase64": "Ny0wTdd55DXDffN0s5uiVkIWYaXk9Xf6Yb/ciVc1OKI=",
  "hex": "b5ee9c7241021201000135000114ff00f4a413f4bcf2c80b01020162020d0202cb03040039d0c4831c02456f834c7c87002a51480fc06644cb8b002e4bc06a44c38a02012005080201f40607003d083040648c1c3808292ac00864972e66cc151c042a4116282ac0007a1b0860000d17c172327b5520020148090c0201200a0b00310830002557c0ea3c05b814512a162a411408ea006a412d8220004f0c34c7cc7e900c74cff4cfcc20807b8b7b50f6151d9514d97c061415e8140d680168040d00bc05e000814d31f31fa40d33f308201ee2ded43d822c000925f07e05345a823a9045346a824a9045161a15056a15036a1103502f0178010c8cb0558cf1601fa02c98040fb0080201200e0f0019bf88cc100f716f6a1ec0a2f82402012010110015bae718201ee2ded43d83080021bae2ded44d0d33fd33fd33fd31ffa40308956a2bcb"
}

âœ… Wrote compilation artifact to build\MegatonPool.compiled.json
PS D:\hack-tgbtc\tgBTC-Hack> npx blueprint run deployMegatonPool --testnet --tonconnect 
Using file: deployMegatonPool
Connected to wallet at address: 0QDMzpIYryYjHYST1NGIRLL_2jqr-GUnxOwM_HBHVRfaWLcA
Sending transaction. Approve in your wallet...[TON_CONNECT_SDK] Send http-bridge request: {
  method: 'sendTransaction',
  params: [
    '{"messages":[{"address":"EQB52aT77-_AesFVKmM6Wb7iUkBN-rCBILfURFSQwVVsShc_","amount":"50000000","payload":"te6cckEBAQEAAgAAAEysuc0=","stateInit":"te6cckECFAEAAX8AAgE0ARMBFP8A9KQT9LzyyAsCAgFiAw4CAssEBQA50MSDHAJFb4NMfIcAKlFID8BmRMuLAC5LwGpEw4oCASAGCQIB9AcIAD0IMEBkjBw4CCkqwAhkly5mzBUcBCpBFigqwAB6GwhgAA0XwXIye1UgAgFICg0CASALDAAxCDAAJVfA6jwFuBRRKhYqQRQI6gBqQS2CIABPDDTHzH6QDHTP9M/MIIB7i3tQ9hUdlRTZfAYUFegUDWgBaAQNALwF4ACBTTHzH6QNM/MIIB7i3tQ9giwACSXwfgU0WoI6kEU0aoJKkEUWGhUFahUDahEDUC8BeAEMjLBVjPFgH6AsmAQPsAgCASAPEAAZv4jMEA9xb2oewKL4JAIBIBESABW65xggHuLe1D2DCAAhuuLe1E0NM/0z/TP9Mf+kAwgAhYAZmdJDFeTEY7CSepoxCJZf+0dVfwyk+J2Bn44I6qL7SxADMzpIYryYjHYST1NGIRLL/2jqr+GUnxOwM/HBHVRfaWI5wuLy"}],"valid_until":1752176421950,"from":"0:ccce9218af26231d8493d4d18844b2ffda3aabf86527c4ec0cfc70475517da58","network":"-3"}'
  ],
  id: '3'
}
[TON_CONNECT_SDK] Wallet message received: {
  result: 'te6ccgECGQEAAjwAAUWIAZmdJDFeTEY7CSepoxCJZf+0dVfwyk+J2Bn44I6qL7SwDAEBoXNpZ25////9aHAXJQAAAASnBb7g1GTR0Az3nEMfxCLGAkZPxWN6FyB7I0o7LcBBN1uM3qvDo4GOZVsqKEtqGJ2/+EhRTl/oQkjG0jDLyoxA4AICCg7DyG0DAwQAAAFpYgA87NJ99/fgPWCqlTGdLN9xKSAm/VhAkFvqIipIYKq2JSAX14QAAAAAAAAAAAAAAAAAA0AFAgE0BgcBFP8A9KQT9LzyyAsIAIWAGZnSQxXkxGOwknqaMQiWX/tHVX8MpPidgZ+OCOqi+0sQAzM6SGK8mIx2Ek9TRiESy/9o6q/hlJ8TsDPxwR1UX2liAgFiCQoCAssLDAIBIBUWADnQxIMcAkVvg0x8hwAqUUgPwGZEy4sALkvAakTDigIBIA0OAgH0DxACAUgREgA9CDBAZIwcOAgpKsAIZJcuZswVHAQqQRYoKsAAehsIYAANF8FyMntVIAIBIBMUAIFNMfMfpA0z8wggHuLe1D2CLAAJJfB+BTRagjqQRTRqgkqQRRYaFQVqFQNqEQNQLwF4AQyMsFWM8WAfoCyYBA+wCAAxCDAAJVfA6jwFuBRRKhYqQRQI6gBqQS2CIABPDDTHzH6QDHTP9M/MIIB7i3tQ9hUdlRTZfAYUFegUDWgBaAQNALwF4AAZv4jMEA9xb2oewKL4JAIBIBcYABW65xggHuLe1D2DCAAhuuLe1E0NM/0z/TP9Mf+kAwg=',
  id: 3
}
Sent transaction
Contract deployed at address kQB52aT77-_AesFVKmM6Wb7iUkBN-rCBILfURFSQwVVsSqy1
You can view it at https://testnet.tonscan.org/address/kQB52aT77-_AesFVKmM6Wb7iUkBN-rCBILfURFSQwVVsSqy1
e wallet (example: Tonkeeper)
Connected to wallet at address: 0QDMzpIYryYjHYST1NGIRLL_2jqr-GUnxOwM_HBHVRfaWLcA
Error: BitBuilder overflow
    at BitBuilder.writeUint (D:\hack-tgbtc\tgBTC-Hack\node_modules\@ton\core\dist\boc\BitBuilder.js:96:19)
    at BitBuilder.writeBuffer (D:\hack-tgbtc\tgBTC-Hack\node_modules\@ton\core\dist\boc\BitBuilder.js:69:22)
    at BitBuilder.writeAddress (D:\hack-tgbtc\tgBTC-Hack\node_modules\@ton\core\dist\boc\BitBuilder.js:245:18)
    at Builder.storeAddress (D:\hack-tgbtc\tgBTC-Hack\node_modules\@ton\core\dist\boc\Builder.js:237:20)
    at vaultConfigToCell (D:\hack-tgbtc\tgBTC-Hack\wrappers\Vault.ts:20:10)   
    at Function.createFromConfig (D:\hack-tgbtc\tgBTC-Hack\wrappers\Vault.ts:37:22)
    at Object.run (D:\hack-tgbtc\tgBTC-Hack\scripts\deployVault.ts:17:15)
    at async run (D:\hack-tgbtc\tgBTC-Hack\node_modules\@ton\blueprint\dist\cli\run.js:26:5)        
    at async main (D:\hack-tgbtc\tgBTC-Hack\node_modules\@ton\blueprint\dist\cli\cli.js:113:5)      
PS D:\hack-tgbtc\tgBTC-Hack> npx blueprint run deployVaTonkeeper)
Connected to wallet at address: 0QDMzpIYryYjHYST1NGIRLL_2jqr-GUnxOwM_HBHVRfaWLcA
Error: BitBuilder overflow
    at BitBuilder.writeUint (D:\hack-tgbtc\tgBTC-Hack\node_modules\@ton\core\dist\boc\BitBuilder.js:96:19)    
    at BitBuilder.writeBuffer (D:\hack-tgbtc\tgBTC-Hack\node_modules\@ton\core\dist\boc\BitBuilder.js:69:22)  
    at BitBuilder.writeAddress (D:\hack-tgbtc\tgBTC-Hack\node_modules\@ton\core\dist\boc\BitBuilder.js:245:18)
    at Builder.storeAddress (D:\hack-tgbtc\tgBTC-Hack\node_modules\@ton\core\dist\boc\Builder.js:237:20)      
    at vaultConfigToCell (D:\hack-tgbtc\tgBTC-Hack\wrappers\Vault.ts:27:10)
    at Function.createFromConfig (D:\hack-tgbtc\tgBTC-Hack\wrappers\Vault.ts:39:22)
    at Object.run (D:\hack-tgbtc\tgBTC-Hack\scripts\deployVault.ts:10:25)
    at async run (D:\hack-tgbtc\tgBTC-Hack\node_modules\@ton\blueprint\dist\cli\run.js:26:5)
    at async main (D:\hack-tgbtc\tgBTC-Hack\node_modulenpx blueprint build                                    
? Select contract to use 
? Select contract to use Vault
Build script running, compiling Vault
ðŸ”§ Using func version 0.4.6...

âœ… Compiled successfully! Cell BOC result:

{
  "hash": "6510a2ab45047805544f3f1594cfcdff39993e51bc077740a84cf3251ff6b25e",
  "hashBase64": "ZRCiq0UEeAVUTz8VlM/N/zmZPlG8B3dAqEzzJR/2sl4=",
  "hex": "b5ee9c724101100100ff000114ff00f4a413f4bcf2c80b01020162020d0202cb0304008dd0831c0270c3434c0cc7e900c005c3c05b80c74c7fe9008b000665b08b4cff4cfcc3c05b808b000a5db08b4cfcc3c05f816f000e720840ee6b2802fbcb812bc06380c2103fcbc202012005080201f4060700370cbc0694de2820840ee6b2802a41141e281416281415a8110c3c06e000613c068830803cb81254d9ea086a4114da2a08aa41146068541e2842284415fc06e0043232c15633c5807e80b260103ec020020148090a0001480201200b0c00253b513434cff4cffe903e903e903e9034cfcc20000d17c1f2327b55200201200e0f0011bc40b780d2f82b7814000dbf13bf80d3630cabc844bd"
}

âœ… Wrote compilation artifact to build\Vault.compiled.json
PS D:\hack-tgbtc\tgBTC-Hack> npx blueprint run deployVault --testnet --tonconnect
Using file: deployVault
Connected to wallet at address: 0QDMzpIYryYjHYST1NGIRLL_2jqr-GUnxOwM_HBHVRfaWLcA
Sending transaction. Approve in your wallet...[TON_CONNECT_SDK] Send http-bridge request: {
  method: 'sendTransaction',
  params: [
    '{"messages":[{"address":"EQDFPfhWh9t1r3IAnpsqXd-zsX71t22e_Lw0x1trh2F1USk2","amount":"100000000","payload":"te6cckEBAQEAAgAAAEysuc0=","stateInit":"te6cckECFQEAAa0AAgE0AREBFP8A9KQT9LzyyAsCAgFiAw4CAssEBQCN0IMcAnDDQ0wMx+kAwAXDwFuAx0x/6QCLAAZlsItM/0z8w8BbgIsACl2wi0z8w8BfgW8ADnIIQO5rKAL7y4ErwGOAwhA/y8ICASAGCQIB9AcIADcMvAaU3igghA7msoAqQRQeKBQWKBQVqBEMPAbgAGE8BogwgDy4ElTZ6ghqQRTaKgiqQRRgaFQeKEIoRBX8BuAEMjLBVjPFgH6AsmAQPsAgAgFICgsAAUgCASAMDQAlO1E0NM/0z/6QPpA+kD6QNM/MIAANF8HyMntVIAIBIA8QABG8QLeA0vgreBQADb8Tv4DTYwwDABITFAAwAAAAAAAAAAAAAAAAAAAAAAAAAAAAAAAAAIWAGZnSQxXkxGOwknqaMQiWX/tHVX8MpPidgZ+OCOqi+0sQA0AKbP5A9DjBLyNlZG9fpthbSN0MedM3TtmBG2L5VWSiAIWACyZh2ZXHcJ8iQquBusvwld08trtNyWEXYYE9lOUAaq0wAedmk++/vO7JdHUR9LAvE5hcb9z/BlInFUGEmXZ1KwZAtaOW//AIAICCg7DyG0DAwQAAAFpYgBinvwrQ+2617kAT02VLu/Z2L9627bPfl4aY621w7C6qKAvrwgAAAAAAAAAAAAAAAAAA0AFAgE0BgcBFP8A9KQT9LzyyAsIAwAXGBkCAWIJCgICywsMAgEgFRYAjdCDHAJww0NMDMfpAMAFw8BbgMdMf+kAiwAGZbCLTP9M/MPAW4CLAApdsItM/MPAX4FvAA5yCEDuaygC+8uBK8BjgMIQP8vCAgEgDQ4CAfQPEAIBSBESADcMvAaU3igghA7msoAqQRQeKBQWKBQVqBEMPAbgAGE8BogwgDy4ElTZ6ghqQRTaKgiqQRRgaFQeKEIoRBX8BuAEMjLBVjPFgH6AsmAQPsAgAAFIAgEgExQAJTtRNDTP9M/+kD6QPpA+kDTPzCAADRfB8jJ7VSAAEbxAt4DS+Ct4FAANvxO/gNNjDAAwAAAAAAAAAAAAAAAAAAAAAAAAAAAAAAAAAIWAGZnSQxXkxGOwknqaMQiWX/tHVX8MpPidgZ+OCOqi+0sQA0AKbP5A9DjBLyNlZG9fpthbSN0MedM3TtmBG2L5VWSiAIWACyZh2ZXHcJ8iQquBusvwld08trtNyWEXYYE9lOUAaq0wAedmk++/vwHrBVSpjOlm+4lJATfqwgSC31ERUkMFVbEq',
  id: 4
}
Sent transaction
Contract deployed at address kQDFPfhWh9t1r3IAnpsqXd-zsX71t22e_Lw0x1trh2F1UZK8
You can view it at https://testnet.tonscan.org/address/kQDFPfhWh9t1r3IAnpsqXd-zsX71t22e_Lw0x1trh2F1UZK8
âœ… Vault deployed at: EQDFPfhWh9t1r3IAnpsqXd-zsX71t22e_Lw0x1trh2F1USk2
PS D:\hack-tgbtc\tgBTC-Hack> npx blueprint build
? Select contract to use 
? Select contract to use Tgbtc
Build script running, compiling Tgbtc
ðŸ”§ Using func version 0.4.6...

âœ… Compiled successfully! Cell BOC result:

{
  "hash": "9ce030eff70526e947ecd9dae3f6d67e9317bf751d6112db7020bf9ff93694b5",
  "hashBase64": "nOAw7/cFJulH7Nna4/bWfpMXv3UdYRLbcCC/n/k2lLU=",
  "hex": "b5ee9c7241010801007a000114ff00f4a413f4bcf2c80b0102016202070202cb03040065d1b088831c02456f8007434c0cc7e900c0074c7c0700063853e900c74cfcc3c05945071c17cb86440a800bc05f816e103fcbc2020273050600133b513434cffe90350c20001700b232cfc073c5b3327b55200019a13c5be02c60e1919391922047b4753118"
}

âœ… Wrote compilation artifact to build\Tgbtc.compiled.json
PS D:\hack-tgbtc\tgBTC-Hack> npx blueprint run deployTgbtc --testnet --tonconnect
Using file: deployTgbtc
Connected to wallet at address: 0QDMzpIYryYjHYST1NGIRLL_2jqr-GUnxOwM_HBHVRfaWLcA
Error: ENOENT: no such file or directory, open 'D:\hack-tgbtc\tgBTC-Hack\build\JettonWallet.tvc'
    at Object.openSync (node:fs:573:18)      
    at Object.readFileSync (node:fs:452:35)  
    at Object.run (D:\hack-tgbtc\tgBTC-Hack\scripts\deployTgbtc.ts:12:26)
    at async run (D:\hack-tgbtc\tgBTC-Hack\node_modules\@ton\blueprint\dist\cli\run.js:26:5)
    at async main (D:\hack-tgbtc\tgBTC-Hack\node_modules\@ton\blueprint\dist\cli\cli.js:113:5) {
  errno: -4058,
  code: 'ENOENT',
  syscall: 'open',
  path: 'D:\\hack-tgbtc\\tgBTC-Hack\\build\\JettonWallet.tvc'
}
PS D:\hack-tgbtc\tgBTC-Hack> npx blueprint run deployAll --testnet --tonconnect
Using file: deployAll
Connected to wallet at address: 0QDMzpIYryYjHYST1NGIRLL_2jqr-GUnxOwM_HBHVRfaWLcA
Sending transaction. Approve in your wallet...[TON_CONNECT_SDK] Send http-bridge request: {
  method: 'sendTransaction',
  params: [
    '{"messages":[{"address":"EQDw6gkeHz_I7v03YUQLfqvBADBW6ADTREMN6guBX_bvp4UO","amount":"100000000","payload":"te6cckEBAQEAAgAAAEysuc0=","stateInit":"te6cckEBDgEA0gACATQBCQEU/wD0pBP0vPLICwICAWIDCAICywQFAGXRsIiDHAJFb4AHQ0wMx+kAwAdMfAcABjhT6QDHTPzDwFlFBxwXy4ZECoALwF+BbhA/y8ICAnMGBwATO1E0NM/+kDUMIAAXALIyz8BzxbMye1UgABmhPFvgLGDhkZORkiBHAVMAAAAAAAAAAIAZmdJDFeTEY7CSepoxCJZf+0dVfwyk+J2Bn44I6qL7SxAKART/APSkE/S88sgLCwIBYgwNAAbQXwQAGaD2BdqJoaZ/9IH0gGH2B0+i"}],"valid_until":1752178017381,"from":"0:ccce9218af26231d8493d4d18844b2ffda3aabf86527c4ec0cfc70475517da58","network":"-3"}'
  ],
  id: '5'
}
[TON_CONNECT_SDK] Wallet message received: {
  result: 'te6ccgECEwEAAY8AAUWIAZmdJDFeTEY7CSepoxCJZf+0dVfwyk+J2Bn44I6qL7SwDAEBoXNpZ25////9aHAdYQAAAAarvJjEv/Gc5QwKld4ULPhPr0KmmgjgoPT3LQK3OOdfUTnozlwCjpcEAgSgsB3TPY086jR21mSRLpXf/QULThHAIAICCg7DyG0DAwQAAAFpYgB4dQSPD5/kd36bsKIFv1XggBgrdABpoiGG9QXAr/t306AvrwgAAAAAAAAAAAAAAAAAA0AFAgE0BgcBFP8A9KQT9LzyyAsIAVMAAAAAAAAAAIAZmdJDFeTEY7CSepoxCJZf+0dVfwyk+J2Bn44I6qL7SxAPAgFiCQoCAssLDAAZoTxb4Cxg4ZGTkZIgRwBl0bCIgxwCRW+AB0NMDMfpAMAHTHwHAAY4U+kAx0z8w8BZRQccF8uGRAqAC8BfgW4QP8vCAgJzDQ4AEztRNDTP/pA1DCAAFwCyMs/Ac8WzMntVIAEU/wD0pBP0vPLICxACAWIREgAG0F8EABmg9gXaiaGmf/SB9IBh',
  id: 5
}
Sent transaction
Awaiting contract deployment... [Attempt 1/20
Awaiting contract deployment... [Attempt 2/20
Awaiting contract deployment... [Attempt 3/20
Awaiting contract deployment... [Attempt 4/20
Awaiting contract deployment... [Attempt 5/20
Contract deployed at address kQDw6gkeHz_I7v03YUQLfqvBADBW6ADTREMN6guBX_bvpz6E
You can view it at https://testnet.tonscan.org/address/kQDw6gkeHz_I7v03YUQLfqvBADBW6ADTREMN6guBX_bvpz6E
50000000","payload":"te6cckEBAQEAAgAAAEysuc0=","stateInit":"te6cckEBBgEAeAACATQBBQEU/wD0pBP0vPLICwICAWIDBAAG0F8EABmg9gXaiaGmf/SB9IBhAJUAAAAAAAAAAIAZmdJDFeTEY7CSepoxCJZf+0dVfwyk+J2Bn44I6qL7SxADw6gkeHz/I7v03YUQLfqvBADBW6ADTREMN6guBX/bvp629M4K"}],"valid_until":1752178047054,"from":"0:ccce9218af26231d8493d4d18844b2ffda3aabf86527c4ec0cfc70475517da58","network":"-3"}'
  ],
  id: '6'
}
[TON_CONNECT_SDK] Wallet message received: {
50000000","payload":"te6cckEBAQEAAgAAAEysuc0=","stateInit":"te6cckEBBgEAeAACATQBBQEU/wD0pBP0vPLICwICAWIDBAAG0F8EABmg9gXaiaGmf/SB9IBhAJUAAAAAAAAAAIAZmdJDFeTEY7CSepoxCJZf+0dVfwyk+J2Bn44I6qL7SxADw6gkeHz/I7v03YUQLfqvBADBW6ADTREMN6guBX/bvp629M4K"}],"valid_until":1752178047054,"from":"0:ccce9218af26231d8493d4d18844b2ffda3aabf86527c4ec0cfc70475517da58","network":"-3"}'
  ],
  id: '6'
}
[TON_CONNECT_SDK] Wallet message received: {        
  result: 'te6ccgECCwEAATUAAUWIAZmdJDFeTEY7CSepoxCJZf+0dVfwyk+J2Bn44I6qL7SwDAEBoXNpZ25////9aHAdfwAAAAeL1ZQaHHEQ8xwHj  result: 'te6ccgECCwEAATUAAUWIAZmdJDFeTEY7CSepoxCJZf+0dVfwyk+J2Bn44I6qL7SwDAEBoXNpZ25////9aHAdfwAAAAeL1ZQaHHEQ8xwHjea96iUvHnJ6+Yjhpwn7pZalP3eWVv1tqoBwIV+9sA1H/AAAAAAAAAAAAAAA0AFAgE0BgcBFP8A9KQT9LzyyAsIAJUAAAAAAAAAAIAZmdJDFeTEY7CSepoxCJZf+0dVfwyk+J2Bn44I6qL7SxADw6gkeHz/I7v03YUQLfqvBADBW6ADTREMN6guBX/bvp4CAWIJCgAG0F8EABmg9gXaiaGmf/SB9IBh',    
  id: 6
}
Sent transaction
Awaiting contract deployment... [Attempt 1/20Awaiting contract deployment... [Attempt 2/20Awaiting contract deployment... [Attempt 3/20Awaiting contract deployment... [Attempt 4/20Awaiting contract deployment... [Attempt 5/20Awaiting contract deployment... [Attempt 6/20Contract deployed at address kQDEVjrI-RUatYT_uua8tmjxLD_rAILn5lbaEQSyb1t_ewyc
You can view it at https://testnet.tonscan.org/address/kQDEVjrI-RUatYT_uua8tmjxLD_rAILn5lbaEQSyb1t_ewyc
âœ… JettonWallet at: EQDEVjrI-RUatYT_uua8tmjxLD_rAILn5lbaEQSyb1t_e7cW
PS D:\hack-tgbtc\tgBTC-Hack> npx blueprint build
? Select contract to use 
? Select contract to use Tgbtc
Build script running, compiling Tgbtc
ðŸ”§ Using func version 0.4.6...

âœ… Compiled successfully! Cell BOC result:

{
  "hash": "9ce030eff70526e947ecd9dae3f6d67e9317bf751d6112db7020bf9ff93694b5",
  "hashBase64": "nOAw7/cFJulH7Nna4/bWfpMXv3UdYRLbcCC/n/k2lLU=",
  "hex": "b5ee9c7241010801007a000114ff00f4a413f4bcf2c80b0102016202070202cb03040065d1b088831c02456f8007434c0cc7e900c0074c7c0700063853e900c74cfcc3c05945071c17cb86440a800bc05f816e103fcbc2020273050600133b513434cffe90350c20001700b232cfc00e1919391922047b4753118"     
}

âœ… Wrote compilation artifact to build\Tgbtc.compiled.json
PS D:\hack-tgbtc\tgBTC-Hack> npx blueprint run deployTgbtc --testnet --tonconnect      
Using file: deployTgbtc      
Connected to wallet at address: 0QDMzpIYryYjHYST1NGIRLL_2jqr-GUnxOwM_HBHVRfaWLcA       
Error: ENOENT: no such file or directory, open 'D:\hack-tgbtc\tgBTC-Hack\build\JettonWallet.tvc'
  syscall: 'open',
  path: 'D:\\hack-tgbtc\\tgBTC-Hack\\build\\JettonWallet.tvc'
}
npx blueprint run deployTgbtc --testnet --tonconnect
Using file: deployTgbtc
Connected to wallet at address: 0QDMzpIYryYjHYST1NGIRLL_2jqr-GUnxOwM_HBHVRfaWLcA
Sending transaction. Approve in your wallet...[TON_CONNECT_SDK] Send http-bridge request: {
  method: 'sendTransaction',
  params: [
    '{"messages":[{"address":"EQDw6gkeHz_I7v03YUQLfqvBADBW6ADTREMN6guBX_bvp4UO","amount":"100000000","payload":"te6cckEBAQEAAgAAAEysuc0="}],"valid_until":1752178319649,"from":"0:ccce9218af26231d8493d4d18844b2ffda3aabf86527c4ec0cfc70475517da58","network":"-3"}'  
  ],
  id: '7'
}
[TON_CONNECT_SDK] Wallet message received: {
  result: 'te6ccgEBBQEAuwABRYgBmZ0kMV5MRjsJJ6mjEIll/7R1V/DKT4nYGfjgjqovtLAMAQGhc2lnbn////1ocB6PAAAACKETV58X6LjoaPS6mTTJOI0UlwsrCzm1PirD8gotV9T12huK39AEWHxF8rulUtsk807ZbNHiv5lfBOeDVqz/9MEgAgIKDsPIbQMDBAAAAGhiAHh1BI8Pn+R3fpuwogW/VeCAGCt0AGmiIYb1BcCv+3fToC+vCAAAAAAAAAAAAAAAAAAA',
  id: 7
}
Sent transaction
Contract deployed at address kQDw6gkeHz_I7v03YUQLfqvBADBW6ADTREMN6guBX_bvpz6E
You can view it at https://testnet.tonscan.org/address/kQDw6gkeHz_I7v03YUQLfqvBADBW6ADTREMN6guBX_bvpz6E
âœ… tgBTC root deployed at: EQDw6gkeHz_I7v03YUQLfqvBADBW6ADTREMN6guBX_bvp4UO
PS D:\hack-tgbtc\tgBTC-Hack>














//////////// dedust pool ///////// 



dedust_pool.fc
Build script running, compiling dedust_pool.fc
ðŸ”§ Using func version 0.4.6...

âœ… Compiled successfully! Cell BOC result:

{
  "hash": "8dab4aaf8cfeba5f14504d5ccf03e0c3515fc1270f3f1136e81ba0bc197a721a",
  "hashBase64": "jatKr4z+ul8UUE1czwPgw1FfwScPPxE26BugvBl6cho=",
  "hex": "b5ee9c724102120100015c000114ff00f4a413f4bcf2c80b01020162020d0202cb0304003dd0831c02497c0f834c7c87002a55518817c06644cf8b002e4c07c06a456f8a02012005080201f40607003d083040648c1c3808292ac00864972e66cc151c042a4116282ac0007a1b0860000d17c172327b5520020148090c0201200a0b00310830002557c0ea3c05b814512a162a411408ea006a412d822000510c0c74c7cc7e900c74cff4cfcc20807b8b7b50f6151d9514d97c061415e8140d680168040d00bc05e000c9431d31f31fa40d33f308201ee2ded43d822c000925f07e05345a823a9045346a824a9045161a15156a15047a1103659f0178010c8cb0523cf1658fa02c98040fb0testnet
? Which wallet are you using? (Use 
? Which wallet are you using? TON
Connect compatible mobile wallet
(example: Tonkeeper)
Connected to wallet at address: 0QDMzpIYryYjHYST1NGIRLL_2jqr-GUnxOwM_HBHVRfaWLcA
Sending transaction. Approve in your wallet...[TON_CONNECT_SDK] Send http-bridge request: {
  method: 'sendTransaction',
  params: [
    '{"messages":[{"address":"EQCCL2mH3OrsHUJk_s01g4S1zSpnISKOjnkZ02FkQqoY6aWx","amount":"50000000","payload":"te6cckEBAQEAAgAAAEysuc0=","stateInit":"te6cckECFAEAAaEAAgE0ARMBFP8A9KQT9LzyyAsCAgFiAw4CAssEBQA90IMcAkl8D4NMfIcAKlVRiBfAZkTPiwAuTAfAakVvigIBIAYJAgH0BwgAPQgwQGSMHDgIKSrACGSXLmbMFRwEKkEWKCrAAHobCGAADRfBcjJ7VSACAUgKDQIBIAsMADEIMAAlV8DqPAW4FFEqFipBFAjqAGpBLYIgAFEMDHTHzH6QDHTP9M/MIIB7i3tQ9hUdlRTZfAYUFegUDWgBaAQNALwF4ADJQx0x8x+kDTPzCCAe4t7UPYIsAAkl8H4FNFqCOpBFNGqCSpBFFhoVFWoVBHoRA2WfAXgBDIywUjzxZY+gLJgED7AHCCEBeNRRnIyx/LPyLPFss/yYAQyMsFWM8WcPoCzMmAQPsAgCASAPEAAZv4jMEA9xb2oewKL4JAIBIBESABW65xggHuLe1D2DCAAhuuLe1E0NM/0z/TP9Mf+kAwgAewAAAAAAAAAAAAAAAAAAAAAAAAAAAAAAAAAAAcKAGZnSQxXkxGOwknqaMQiWX/tHVX8MpPidgZ+OCOqi+0sQyIxjIg=="}],"valid_until":1752311656184,"from":"0:ccce9218af26231d8493d4d18844b2ffda3aabf86527c4ec0cfc70475517da58","network":"-3"}'
  ],
  id: '8'
}
[TON_CONNECT_SDK] Wallet message received: {
  result: 'te6ccgECGQEAAl4AAUWIAZmdJDFeTEY7CSepoxCJZf+0dVfwyk+J2Bn44I6qL7SwDAEBoXNpZ25////9aHInaAAAAAm70Dup9iSdTNBc0BRUNkXwqoWA0wMpV9azcKYbG/wrNqGbJISIUqlphYDcLw/pG5vWrmKP0thHepfTzJpGfBqC4AICCg7DyG0DAwQAAAFpYgBBF7TD7nV2DqEyf2aawcJa5pUzkJFHRzyM6bCyIVUMdKAX14QAAAAAAAAAAAAAAAAAA0AFAgE0BgcBFP8A9KQT9LzyyAsIAHsAAAAAAAAAAAAAAAAAAAAAAAAAAAAAAAAAAAHCgBmZ0kMV5MRjsJJ6mjEIll/7R1V/DKT4nYGfjgjqovtLEAIBYgkKAgLLCwwCASAVFgA90IMcAkl8D4NMfIcAKlVRiBfAZkTPiwAuTAfAakVvigIBIA0OAgH0DxACAUgREgA9CDBAZIwcOAgpKsAIZJcuZswVHAQqQRYoKsAAehsIYAANF8FyMntVIAIBIBMUAMlDHTHzH6QNM/MIIB7i3tQ9giwACSXwfgU0WoI6kEU0aoJKkEUWGhUVahUEehEDZZ8BeAEMjLBSPPFlj6AsmAQPsAcIIQF41FGcjLH8s/Is8Wyz/JgBDIywVYzxZw+gLMyYBA+wCAAxCDAAJVfA6jwFuBRRKhYqQRQI6gBqQS2CIABRDAx0x8x+kAx0z/TPzCCAe4t7UPYVHZUU2XwGFBXoFA1oAWgEDQC8BeAAGb+IzBAPcW9qHsCi+CQCASAXGAAVuucYIB7i3tQ9gwgAIbri3tRNDTP9M/0z/TH/pAMI',
  id: 8
}
Sent transaction
Contract deployed at address kQCCL2mH3OrsHUJk_s01g4S1zSpnISKOjnkZ02FkQqoY6R47
You can view it at https://testnet.tonscan.org/address/kQCCL2mH3OrsHUJk_s01g4S1zSpnISKOjnkZ02FkQqoY6R47
DeDust deployed at: EQCCL2mH3OrsHUJk_s01g4S1zSpnISKOjnkZ02FkQqoY6aWx
PS D:\hack-tgbtc\tgBTC-Hack> 




//////////////////Megaton ///
Choose file to use 
? Choose file to use
deployMegatonPool
? Which network do you want 
? Which network do you want  
":"50000000","payload":"te6cckEBAQEAAgAAAEysuc0="}],"valid_until":1752312503060,"from":"0:ccce9218af26231d8493d4d18844b2ffda3aabf86527c4ec0cfc70475517da58","network":"-3"}'
  ],
  id: '9'
}
[TON_CONNECT_SDK] Wallet message received: {
  result: 'te6ccgEBBQEAuwABRYgBmZ0kMV5MRjsJJ6mjEIll/7R1V/DKT4nYGfjgjqovtLAMAQGhc2lnbn////1ociq3AAAACrSW7mR8y8athq8/YthfYCgFlQnz/RrFj62SRy3PcKBKONaQMtFzSaPj4bAcwPPjPVYfS3wZclcaj3k3qO9bIkJgAgIKDsPIbQMDBAAAAGhiADzs0n339+A9YKqVMZ0s33EpICb9WECQW+oiKkhgqrYlIBfXhAAAAAAAAAAAAAAAAAAA',
  id: 9
}
Sent transaction
Awaiting contract deployment.Contract deployed at address kQB52aT77-_AesFVKmM6Wb7iUkBN-rCBILfURFSQwVVsSqy1
You can view it at https://testnet.tonscan.org/address/kQB52aT77-_AesFVKmM6Wb7iUkBN-rCBILfURFSQwVVsSqy1
âœ… MegatonPool deployed at: EQB52aT77-_AesFVKmM6Wb7iUkBN-rCBILfURFSQwVVsShc_
ðŸ§­ Explorer: https://testnet.tonscan.org/address/EQB52aT77-_AesFVKmM6Wb7iUkBN-rCBILfURFSQwVVsShc_
PS D:\hack-tgbtc\tgBTC-Hack>
///



/////////////// stoon pool /////////////
 npx blueprint run 
? Choose file to use 
? Choose file to use deployStonPool
? Which network do you want to use? 
? Which network do you want to use? testnet    
? Which wallet are you using? (Use arrow keys) 
? Which wallet are you using? TON Connect      
compatible mobile wallet (example: Tonkeeper)  
Connected to wallet at address: 0QDMzpIYryYjHYST1NGIRLL_2jqr-GUnxOwM_HBHVRfaWLcA
Sending transaction. Approve in your wallet...[TON_CONNECT_SDK] Send http-bridge request: {
  method: 'sendTransaction',
  params: [
    '{"messages":[{"address":"EQDbezboymmTdBEt0_pO49bZV0kK26ZaBOOiOyekQAXZaeB7","amount":"50000000","payload":"te6cckEBAQEAAgAAAEysuc0=","stateInit":"te6cckECFAEAAaYAAgE0ARMBFP8A9KQT9LzyyAsCAgFiAw4CAssEBQA90IMcAkl8D4NMfIcAKlVRiBfAZkTPiwAuTAfAakVvigIBIAYJAgH0BwgAPQgwQGSMHDgIKSrACGSXLmbMFRwEKkEWKCrAAHobCGAADRfBcjJ7VSACAUgKDQIBIAsMADEIMAAlV8DqPAW4FFEqFipBFAjqAGpBLYIgAFEMDHTHzH6QDHTP9M/MIIB7i3tQ9hUdlRTZfAYUFegUDWgBaAQNALwF4ADJQx0x8x+kDTPzCCAe4t7UPYIsAAkl8H4FNFqCOpBFNGqCSpBFFhoVFWoVBHoRA2WfAXgBDIywUjzxZY+gLJgED7AHCCEBeNRRnIyx/LPyLPFss/yYAQyMsFWM8WcPoCzMmAQPsAgCASAPEAAZv4jMEA9xb2oewKL4JAIBIBESABW65xggHuLe1D2DCAAhuuLe1E0NM/0z/TP9Mf+kAwgAhYAZmdJDFeTEY7CSepoxCJZf+0dVfwyk+J2Bn44I6qL7SxADMzpIYryYjHYST1NGIRLL/2jqr+GUnxOwM/HBHVRfaWLHXaXj"}],"valid_until":1752312810420,"from":"0:ccce9218af26231d8493d4d18844b2ffda3aabf86527c4ec0cfc70475517da58","network":"-3"}'
  ],
  id: '10'
}
[TON_CONNECT_SDK] Wallet message received: {
  result: 'te6ccgECGQEAAmMAAUWIAZmdJDFeTEY7CSepoxCJZf+0dVfwyk+J2Bn44I6qL7SwDAEBoXNpZ25////9aHIr6gAAAAuEKjhQJiW9A6YNp6wpcHvajEjU6sJiqVirvTcDV3QqiR+xlxyON6KD72awEPKo1faYQ1yWvUF8cRWAe9vlOw9DYAICCg7DyG0DAwQAAAFpYgBtvZt0ZTTJugiW6f0ncetsq6SFbdMtAnHRHZPSIALstKAX14QAAAAAAAAAAAAAAAAAA0AFAgE0BgcBFP8A9KQT9LzyyAsIAIWAGZnSQxXkxGOwknqaMQiWX/tHVX8MpPidgZ+OCOqi+0sQAzM6SGK8mIx2Ek9TRiESy/9o6q/hlJ8TsDPxwR1UX2liAgFiCQoCAssLDAIBIBUWAD3QgxwCSXwPg0x8hwAqVVGIF8BmRM+LAC5MB8BqRW+KAgEgDQ4CAfQPEAIBSBESAD0IMEBkjBw4CCkqwAhkly5mzBUcBCpBFigqwAB6GwhgAA0XwXIye1UgAgEgExQAyUMdMfMfpA0z8wggHuLe1D2CLAAJJfB+BTRagjqQRTRqgkqQRRYaFRVqFQR6EQNlnwF4AQyMsFI88WWPoCyYBA+wBwghAXjUUZyMsfyz8izxbLP8mAEMjLBVjPFnD6AszJgED7AIADEIMAAlV8DqPAW4FFEqFipBFAjqAGpBLYIgAFEMDHTHzH6QDHTP9M/MIIB7i3tQ9hUdlRTZfAYUFegUDWgBaAQNALwF4AAZv4jMEA9xb2oewKL4JAIBIBcYABW65xggHuLe1D2DCAAhuuLe1E0NM/0z/TP9Mf+kAwg=', 
  id: 10
}
Sent transaction
Contract deployed at address kQDbezboymmTdBEt0_pO49bZV0kK26ZaBOOiOyekQAXZaVvx
You can view it at https://testnet.tonscan.org/address/kQDbezboymmTdBEt0_pO49bZV0kK26ZaBOOiOyekQAXZaVvx
âœ… StonPool deployed at: EQDbezboymmTdBEt0_pO49bZV0kK26ZaBOOiOyekQAXZaeB7
ðŸ§­ Explorer: https://testnet.tonscan.org/address/EQDbezboymmTdBEt0_pO49bZV0kK26ZaBOOiOyekQAXZaeB7



///vault ////
PS D:\hack-tgbtc\tgBTC-Hack> npx blueprint run 
? Choose file to use 
? Choose file to use deployVault
? Which network do you want to use? 
? Which network do you want to use? testnet
? Which wallet are you using? (Use arrow keys)
? Which wallet are you using? TON Connect compatible mobile 
wallet (example: Tonkeeper)
Connected to wallet at address: 0QDMzpIYryYjHYST1NGIRLL_2jqr-GUnxOwM_HBHVRfaWLcA
Sending transaction. Approve in your wallet...[TON_CONNECT_SDK] Send http-bridge request: {
  method: 'sendTransaction',
  params: [
    '{"messages":[{"address":"EQDAu-JP0E5K8Rc7NmyS5auYRb78FKAtFJg3nJ-irs2EYRP7","amount":"100000000","payload":"te6cckEBAQEAAgAAAEysuc0=","stateInit":"te6cckECMAEABJ8AAgE0ASwBFP8A9KQT9LzyyAsCAgFiAxsCAssEBQCl0IMcAnDDQ0wMx+kAwAXDwFuAx0x/6QCLAAZlsItM/0z8w8BbgIsACl2wi0z8w8BfgWyDAA50wghAF9eEAvvLgSvAY4DHABJbwHJLwGt7ghA/y8ICASAGCQIB9AcIAE8MvAeU4mgghA7msoAqQRTmvAdUImgUGmgUFegEDVEA/Af8ByS8BregAHE8B4hwgDy4ElTeKgiqQRTeagjqQRRkaFQiaFQKaEQaAHwH4AQyMsFWM8WAfoCyYBA+wDwHJLwGt6ACASAKEgIBIAsOAgEgDA0AJTwHvgjUgKhgQEsvvLgS/Aa8B+AAVwhwAAhwACwkl8D4HB6yMsfyz8i+gIB+gLJgBDIywVQA88WAfoCzMmAQPsAgAgEgDxEB9zwHjAj8Bsj8Bsj8BtTmKBdvlNCvrCOEDMBgRdwAr6TgQnEk4EF3OKOL1Mjvl2+sI4QMgKBF3ADvpOBCcSTgQXc4o4TMVm+loEJxIEF3JaBBdyBCcTiWeJY4lIiqIEnEKkEUiKogScQqQRRIaEioSHCAJVSYnDwGZEx4iGAQADbCAJVSQnDwGZEx4iDCAJVSIHDwGZEw4vgj8B8ASTwHltsM1IzxwWVXwOBAorgUiDHBZRbgQHC4McFk4EB9OCBAZCACASATGAIBIBQVADk8B5sQfgjMqGBASy5kltw4KCCEDuaygC5kXDgcYALxPAeW2wzIvAbIvAbIvAbUyGgAaACgScQqCKpBAGBJxCoWKkEU2GogScQqQRTcaiBJxCpBFGBoSihUnSogScQqQRSc6iBJxCpBFFyoSehIcIAI8IAsZRGFvAZkjZb4iXCACXCALGVUFTwGRKTNTMw4iLCACHCALHjD4BYXAAYS8BkABF8DAgEgGRoAVTtRNDTP9M/+kD6QPpA+kDTP9QwcCFus58B0CDXScI/lDHTPzCRMOKRMeKAADRfCMjJ7VSACASAcJQIBIB0iAgJxHiECAckfIAAPrbwHl8GbwKAAC698B5scYAAIqlDwHAIBICMkAIm1RP4Dy22GYF4DYD4DYF4DamJXymQ31hOr4HAi7hAhOJAgu43gfApEV8s31hNwITiQIu4QILuN4HwQILuQITiQIu4N4HAAJ7TAPgPLbYZgXgNgPgNgXgNiTeBwAgEgJikCASAnKAATtL9+A8tthm3gcACptc4+A8tthmBeA2A+A2BeA2piV8pkN9YTMCLuECE4kCC7kcOKZDfKZjfWEzAhOJAi7hAgu5MwILuQITiQIu4cXF4DkEAhB72oexBAPMzdqHsCDw3hMAICdCorAA6qd/AeF18HAA6qZvAeXwagAwAtLi8AMAAAAAAAAAAAAAAAAAAAAAAAAAAAAAAAAACFgBmZ0kMV5MRjsJJ6mjEIll/7R1V/DKT4nYGfjgjqovtLEANt7NujKaZN0ES3T+k7j1tlXSQrbploE46I7J6RABdlpgCFgBBF7TD7nV2DqEyf2aawcJa5pUzkJFHRzyM6bCyIVUMdMAHnZpPvv78B6wVUqYzpZvuJSQE36sIEgt9REVJDBVWxKpaTFsU="}],"valid_until":1752313460652,"from":"0:ccce9218af26231d8493d4d18844b2ffda3aabf86527c4ec0cfc70475517da58","network":"-3"}'
  ],
  id: '11'
}
[TON_CONNECT_SDK] Wallet message received: {
  result: 'te6ccgECNQEABVwAAUWIAZmdJDFeTEY7CSepoxCJZf+0dVfwyk+J2Bn44I6qL7SwDAEBoXNpZ25////9aHIudAAAAAyYIhn7K+d/SlXSbA+RJuSLdArILLiutFVdu9JuIFqq66cCkYJSrH29ueu1s2C+gOdv7CTVmFcZVAXwjG42FlyCIAICCg7DyG0DAwQAAAFpYgBgXfEn6CcleIudmzZJctXMIt9+ClAWikwbzk/RV2bCMKAvrwgAAAAAAAAAAAAAAAAAA0AFAgE0BgcBFP8A9KQT9LzyyAsIAwAyMzQCAWIJCgICywsMAgEgIiMApdCDHAJww0NMDMfpAMAFw8BbgMdMf+kAiwAGZbCLTP9M/MPAW4CLAApdsItM/MPAX4FsgwAOdMIIQBfXhAL7y4ErwGOAxwASW8ByS8Bre4IQP8vCAgEgDQ4CAfQPEAIBIBESAE8MvAeU4mgghA7msoAqQRTmvAdUImgUGmgUFegEDVEA/Af8ByS8BregAHE8B4hwgDy4ElTeKgiqQRTeagjqQRRkaFQiaFQKaEQaAHwH4AQyMsFWM8WAfoCyYBA+wDwHJLwGt6ACASATFAIBIBobAgEgFRYCASAXGAAlPAe+CNSAqGBASy+8uBL8BrwH4ABXCHAACHAALCSXwPgcHrIyx/LPyL6AgH6AsmAEMjLBVADzxYB+gLMyYBA+wCAB9zwHjAj8Bsj8Bsj8BtTmKBdvlNCvrCOEDMBgRdwAr6TgQnEk4EF3OKOL1Mjvl2+sI4QMgKBF3ADvpOBCcSTgQXc4o4TMVm+loEJxIEF3JaBBdyBCcTiWeJY4lIiqIEnEKkEUiKogScQqQRRIaEioSHCAJVSYnDwGZEx4iGAZAEk8B5bbDNSM8cFlV8DgQKK4FIgxwWUW4EBwuDHBZOBAfTggQGQgADbCAJVSQnDwGZEx4iDCAJVSIHDwGZEw4vgj8B8CASAcHQIBICAhADk8B5sQfgjMqGBASy5kltw4KCCEDuaygC5kXDgcYALxPAeW2wzIvAbIvAbIvAbUyGgAaACgScQqCKpBAGBJxCoWKkEU2GogScQqQRTcaiBJxCpBFGBoSihUnSogScQqQRSc6iBJxCpBFFyoSehIcIAI8IAsZRGFvAZkjZb4iXCACXCALGVUFTwGRKTNTMw4iLCACHCALHjD4B4fAAYS8BkABF8DAFU7UTQ0z/TP/pA+kD6QPpA0z/UMHAhbrOfAdAg10nCP5Qx0z8wkTDikTHigAA0XwjIye1UgAgEgJCUCASAsLQICcSYnAgEgKisCAckoKQAIqlDwHAAPrbwHl8GbwKAAC698B5scYACJtUT+A8tthmBeA2A+A2BeA2piV8pkN9YTq+BwIu4QITiQILuN4HwKRFfLN9YTcCE4kCLuECC7jeB8ECC7kCE4kCLuDeBwACe0wD4Dy22GYF4DYD4DYF4DYk3gcAIBIC4vAgJ0MDEAE7S/fgPLbYZt4HAAqbXOPgPLbYZgXgNgPgNgXgNqYlfKZDfWEzAi7hAhOJAgu5HDimQ3ymY31hMwITiQIu4QILuTMCC7kCE4kCLuHFxeA5BAIQe9qHsQQDzM3ah7Ag8N4TAADqp38B4XXwcADqpm8B5fBqAAMAAAAAAAAAAAAAAAAAAAAAAAAAAAAAAAAACFgBmZ0kMV5MRjsJJ6mjEIll/7R1V/DKT4nYGfjgjqovtLEANt7NujKaZN0ES3T+k7j1tlXSQrbploE46I7J6RABdlpgCFgBBF7TD7nV2DqEyf2aawcJa5pUzkJFHRzyM6bCyIVUMdMAHnZpPvv78B6wVUqYzpZvuJSQE36sIEgt9REVJDBVWxKg==',
  id: 11
}
Sent transaction
Contract deployed at address kQDAu-JP0E5K8Rc7NmyS5auYRb78FKAtFJg3nJ-irs2EYahx
You can view it at https://testnet.tonscan.org/address/kQDAu-JP0E5K8Rc7NmyS5auYRb78FKAtFJg3nJ-irs2EYahx
âœ… Vault deployed at: EQDAu-JP0E5K8Rc7NmyS5auYRb78FKAtFJg3nJ-irs2EYRP7
ðŸ§­ Explorer: https://testnet.tonscan.org/address/EQDAu-JP0E5K8Rc7NmyS5auYRb78FKAtFJg3nJ-irs2EYRP7
PS D:\hack-tgbtc\tgBTC-Hack> 

//////////////////////////// tgbtc /////////////////
PS D:\hack-tgbtc\tgBTC-Hack> npx blueprint run

? Choose file to use 
? Choose file to use deployTgbtc
? Which network do you want to use? 
? Which network do you want to use? testnet   
? Which wallet are you using? (Use arrow keys)
? Which wallet are you using? TON Connect     
compatible mobile wallet (example: Tonkeeper) 
Connected to wallet at address: 0QDMzpIYryYjHYST1NGIRLL_2jqr-GUnxOwM_HBHVRfaWLcA
Sending transaction. Approve in your wallet...[TON_CONNECT_SDK] Send http-bridge request: { 
  method: 'sendTransaction',
  params: [
    '{"messages":[{"address":"EQDLpbQ2sNlYHfBb88iAVqJYgywQpNvlsVkVpxVqor8Yws9T","amount":"100000000","payload":"te6cckEBAQEAAgAAAEysuc0=","stateInit":"te6cckEBDgEA1QACATQBCQEU/wD0pBP0vPLICwICAWIDCAICywQFAHHRsIiDHAJFb4AHQ0wMx+kAwAdMfIcABjhUx+kAx0z8w8BZRQccF8uGRAqAC8BfgMDGCEBeNRRm63ICAnMGBwATO1E0NM/+kDUMIAAXALIyz8BzxbMye1UgABOhPFvgLOGRkoYHAVMAAAAAAAAAAIAZmdJDFeTEY7CSepoxCJZf+0dVfwyk+J2Bn44I6qL7SxAKART/APSkE/S88sgLCwIBYgwNAAbQXwQAGaD2BdqJoaZ/9IH0gGEqU1Hy"}],"valid_until":1752314218974,"from":"0:ccce9218af26231d8493d4d18844b2ffda3aabf86527c4ec0cfc70475517da58","network":"-3"}'
  ],
  id: '12'
}
[TON_CONNECT_SDK] Wallet message received: {
  result: 'te6ccgECEwEAAZIAAUWIAZmdJDFeTEY7CSepoxCJZf+0dVfwyk+J2Bn44I6qL7SwDAEBoXNpZ25////9aHIxagAAAA2ocy3RG5plygctEC3upQj34xXNORRY+lTErLq9UKBwoFiRIhyW+wzly+ONqiKAOTW2FAl9pzFogCzImnVs8KuCIAICCg7DyG0DAwQAAAFpYgBl0tobWGysDvgt+eRAK1EsQZYIUm3y2KyK04q1UV+MYSAvrwgAAAAAAAAAAAAAAAAAA0AFAgE0BgcBFP8A9KQT9LzyyAsIAVMAAAAAAAAAAIAZmdJDFeTEY7CSepoxCJZf+0dVfwyk+J2Bn44I6qL7SxAPAgFiCQoCAssLDAAToTxb4CzhkZKGBwBx0bCIgxwCRW+AB0NMDMfpAMAHTHyHAAY4VMfpAMdM/MPAWUUHHBfLhkQKgAvAX4DAxghAXjUUZutyAgJzDQ4AEztRNDTP/pA1DCAAFwCyMs/Ac8WzMntVIAEU/wD0pBP0vPLICxACAWIREgAG0F8EABmg9gXaiaGmf/SB9IBh',
  id: 12
}
Sent transaction
Contract deployed at address kQDLpbQ2sNlYHfBb88iAVqJYgywQpNvlsVkVpxVqor8YwnTZ
You can view it at https://testnet.tonscan.org/address/kQDLpbQ2sNlYHfBb88iAVqJYgywQpNvlsVkVpxVqor8YwnTZ
âœ… tgbtc root deployed at: EQDLpbQ2sNlYHfBb88iAVqJYgywQpNvlsVkVpxVqor8Yws9T
PS D:\hack-tgbtc\tgBTC-Hack> 

/////////////////////// jetton wallet ///////////////////

PS D:\hack-tgbtc\tgBTC-Hack>npx blueprint run
? Choose file to use 
? Choose file to use deployJettonWallet
? Which network do you want to use? 
? Which network do you want to use? testnet       
? Which wallet are you using? (Use arrow keys)    
? Which wallet are you using? TON Connect
compatible mobile wallet (example: Tonkeeper)     
Connected to wallet at address: 0QDMzpIYryYjHYST1NGIRLL_2jqr-GUnxOwM_HBHVRfaWLcA
Sending transaction. Approve in your wallet...[TON_CONNECT_SDK] Send http-bridge request: {
  method: 'sendTransaction',
  params: [
    '{"messages":[{"address":"EQDqUJoFjH6asVbEXL-P_LZ1Ng25K3xWGzpgaHH9RJ-Npnzy","amount":"50000000","payload":"te6cckEBAQEAAgAAAEysuc0=","stateInit":"te6cckEBBgEAeAACATQBBQEU/wD0pBP0vPLICwICAWIDBAAG0F8EABmg9gXaiaGmf/SB9IBhAJUAAAAAAAAAAIAZmdJDFeTEY7CSepoxCJZf+0dVfwyk+J2Bn44I6qL7SxADLpbQ2sNlYHfBb88iAVqJYgywQpNvlsVkVpxVqor8Ywo/lK2M"}],"valid_until":1752314413590,"from":"0:ccce9218af26231d8493d4d18844b2ffda3aabf86527c4ec0cfc70475517da58","network":"-3"}'
  ],
  id: '13'
}
[TON_CONNECT_SDK] Wallet message received: {
  result: 'te6ccgECCwEAATUAAUWIAZmdJDFeTEY7CSepoxCJZf+0dVfwyk+J2Bn44I6qL7SwDAEBoXNpZ25////9aHIyLQAAAA6hqnDDJlq10BMw5zTR4Tu60gLMtzmzFrBFamJ5KTe7wYfRQDNCogsTj5QcsRc7uKvBbmxOyCf6M6yOupqH33bCoAICCg7DyG0DAwQAAAFpYgB1KE0Cxj9NWKtiLl/H/ls6mwbclb4rDZ0wNDj+ok/G0yAX14QAAAAAAAAAAAAAAAAAA0AFAgE0BgcBFP8A9KQT9LzyyAsIAJUAAAAAAAAAAIAZmdJDFeTEY7CSepoxCJZf+0dVfwyk+J2Bn44I6qL7SxADLpbQ2sNlYHfBb88iAVqJYgywQpNvlsVkVpxVqor8YwoCAWIJCgAG0F8EABmg9gXaiaGmf/SB9IBh',
  id: 13
}
Sent transaction
Contract deployed at address kQDqUJoFjH6asVbEXL-P_LZ1Ng25K3xWGzpgaHH9RJ-Npsd4
You can view it at https://testnet.tonscan.org/address/kQDqUJoFjH6asVbEXL-P_LZ1Ng25K3xWGzpgaHH9RJ-Npsd4
âœ… JettonWallet deployed at: EQDqUJoFjH6asVbEXL-P_LZ1Ng25K3xWGzpgaHH9RJ-Npnzy
ðŸ§­ Explorer: https://testnet.tonscan.org/address/EQDqUJoFjH6asVbEXL-P_LZ1Ng25K3xWGzpgaHH9RJ-Npnzy   
PS D:\hack-tgbtc\tgBTC-Hack> 